Reading input file...
Processing chain 1 ...
Start sampling 500000
Total samples: 2000000 on chain 1
Processing chain 2 ...
Start sampling 500000
Total samples: 2000000 on chain 2
Processing chain 3 ...
Start sampling 500000
Total samples: 2000000 on chain 3
Processing chain 4 ...
Start sampling 500000
Total samples: 2000000 on chain 4
Processing chain 5 ...
Start sampling 500000
Total samples: 2000000 on chain 5
Processing chain 6 ...
Start sampling 500000
Total samples: 2000000 on chain 6
Processing chain 7 ...
Start sampling 500000
Total samples: 2000000 on chain 7
Processing chain 8 ...
Start sampling 500000
Total samples: 2000000 on chain 8
Processing chain 9 ...
Start sampling 500000
Total samples: 2000000 on chain 9
Processing chain 10 ...
Start sampling 500000
Total samples: 2000000 on chain 10
Processing chain 11 ...
Start sampling 500000
Total samples: 2000000 on chain 11
Processing chain 12 ...
Start sampling 500000
Total samples: 2000000 on chain 12
Processing chain 13 ...
Start sampling 500000
Total samples: 2000000 on chain 13
Processing chain 14 ...
Start sampling 500000
Total samples: 2000000 on chain 14
Processing chain 15 ...
Start sampling 500000
Total samples: 2000000 on chain 15
Processing chain 16 ...
Start sampling 500000
Total samples: 2000000 on chain 16
Processing chain 17 ...
Start sampling 500000
Total samples: 2000000 on chain 17
Processing chain 18 ...
Start sampling 500000
Total samples: 2000000 on chain 18
Processing chain 19 ...
Start sampling 500000
Total samples: 2000000 on chain 19
Processing chain 20 ...
Start sampling 500000
Total samples: 2000000 on chain 20
Output posterior information...
